Component: ARM Compiler 5.05 update 1 (build 106) Tool: armlink [4d0efa]

==============================================================================

Section Cross References

    main.o(i.advertising_start) refers to memseta.o(.text) for __aeabi_memclr4
    main.o(i.advertising_start) refers to app_error.o(i.app_error_handler) for app_error_handler
    main.o(i.advertising_start) refers to bsp.o(i.bsp_indication_set) for bsp_indication_set
    main.o(i.assert_nrf_callback) refers to app_error.o(i.app_error_handler) for app_error_handler
    main.o(i.ble_evt_dispatch) refers to main.o(i.on_ble_evt) for on_ble_evt
    main.o(i.ble_evt_dispatch) refers to ble_conn_params.o(i.ble_conn_params_on_ble_evt) for ble_conn_params_on_ble_evt
    main.o(i.ble_stack_init) refers to softdevice_handler.o(i.softdevice_handler_init) for softdevice_handler_init
    main.o(i.ble_stack_init) refers to app_error.o(i.app_error_handler) for app_error_handler
    main.o(i.ble_stack_init) refers to softdevice_handler.o(i.softdevice_ble_evt_handler_set) for softdevice_ble_evt_handler_set
    main.o(i.ble_stack_init) refers to softdevice_handler.o(i.softdevice_sys_evt_handler_set) for softdevice_sys_evt_handler_set
    main.o(i.ble_stack_init) refers to main.o(.bss) for .bss
    main.o(i.ble_stack_init) refers to main.o(i.ble_evt_dispatch) for ble_evt_dispatch
    main.o(i.ble_stack_init) refers to main.o(i.sys_evt_dispatch) for sys_evt_dispatch
    main.o(i.conn_params_error_handler) refers to app_error.o(i.app_error_handler) for app_error_handler
    main.o(i.main) refers to app_timer.o(i.app_timer_init) for app_timer_init
    main.o(i.main) refers to app_error.o(i.app_error_handler) for app_error_handler
    main.o(i.main) refers to app_gpiote.o(i.app_gpiote_init) for app_gpiote_init
    main.o(i.main) refers to main.o(i.ble_stack_init) for ble_stack_init
    main.o(i.main) refers to bsp.o(i.bsp_init) for bsp_init
    main.o(i.main) refers to bsp.o(i.bsp_buttons_enable) for bsp_buttons_enable
    main.o(i.main) refers to app_scheduler.o(i.app_sched_init) for app_sched_init
    main.o(i.main) refers to memseta.o(.text) for __aeabi_memclr4
    main.o(i.main) refers to ble_advdata.o(i.ble_advdata_set) for ble_advdata_set
    main.o(i.main) refers to ble_conn_params.o(i.ble_conn_params_init) for ble_conn_params_init
    main.o(i.main) refers to main.o(i.advertising_start) for advertising_start
    main.o(i.main) refers to app_scheduler.o(i.app_sched_execute) for app_sched_execute
    main.o(i.main) refers to app_timer_appsh.o(i.app_timer_evt_schedule) for app_timer_evt_schedule
    main.o(i.main) refers to main.o(.bss) for .bss
    main.o(i.main) refers to main.o(.constdata) for .constdata
    main.o(i.main) refers to main.o(i.on_conn_params_evt) for on_conn_params_evt
    main.o(i.main) refers to main.o(i.conn_params_error_handler) for conn_params_error_handler
    main.o(i.main) refers to main.o(.data) for .data
    main.o(i.on_ble_evt) refers to app_error.o(i.app_error_handler) for app_error_handler
    main.o(i.on_ble_evt) refers to bsp.o(i.bsp_indication_set) for bsp_indication_set
    main.o(i.on_ble_evt) refers to main.o(i.advertising_start) for advertising_start
    main.o(i.on_ble_evt) refers to memcpya.o(.text) for __aeabi_memcpy
    main.o(i.on_ble_evt) refers to memcmp.o(.text) for memcmp
    main.o(i.on_ble_evt) refers to bsp.o(i.bsp_buttons_enable) for bsp_buttons_enable
    main.o(i.on_ble_evt) refers to main.o(.data) for .data
    main.o(i.on_ble_evt) refers to main.o(.bss) for .bss
    main.o(i.on_conn_params_evt) refers to app_error.o(i.app_error_handler) for app_error_handler
    main.o(i.on_conn_params_evt) refers to main.o(.data) for .data
    main.o(.data) refers to main.o(.bss) for m_enc_key
    bsp.o(i.bsp_indication_set) refers to bsp.o(i.bsp_led_indication) for bsp_led_indication
    bsp.o(i.bsp_indication_set) refers to bsp.o(.data) for .data
    bsp.o(i.bsp_indication_text_set) refers to bsp.o(i.bsp_indication_set) for bsp_indication_set
    bsp.o(i.bsp_init) refers to app_timer.o(i.app_timer_create) for app_timer_create
    bsp.o(i.bsp_init) refers to bsp.o(.data) for .data
    bsp.o(i.bsp_init) refers to bsp.o(i.leds_timer_handler) for leds_timer_handler
    bsp.o(i.bsp_init) refers to bsp.o(i.alert_timer_handler) for alert_timer_handler
    bsp.o(i.bsp_led_indication) refers to bsp.o(i.__ARM_common_switch8) for __ARM_common_switch8
    bsp.o(i.bsp_led_indication) refers to uidiv.o(.text) for __aeabi_uidivmod
    bsp.o(i.bsp_led_indication) refers to app_timer.o(i.app_timer_start) for app_timer_start
    bsp.o(i.bsp_led_indication) refers to app_timer.o(i.app_timer_stop) for app_timer_stop
    bsp.o(i.bsp_led_indication) refers to bsp.o(.data) for .data
    bsp.o(i.leds_timer_handler) refers to bsp.o(i.bsp_led_indication) for bsp_led_indication
    bsp.o(i.leds_timer_handler) refers to bsp.o(.data) for .data
    arm_startup_nrf51.o(RESET) refers to arm_startup_nrf51.o(STACK) for __initial_sp
    arm_startup_nrf51.o(RESET) refers to arm_startup_nrf51.o(.text) for Reset_Handler
    arm_startup_nrf51.o(RESET) refers to app_gpiote.o(i.GPIOTE_IRQHandler) for GPIOTE_IRQHandler
    arm_startup_nrf51.o(RESET) refers to app_timer.o(i.RTC1_IRQHandler) for RTC1_IRQHandler
    arm_startup_nrf51.o(RESET) refers to app_timer.o(i.SWI0_IRQHandler) for SWI0_IRQHandler
    arm_startup_nrf51.o(RESET) refers to softdevice_handler.o(i.SWI2_IRQHandler) for SWI2_IRQHandler
    arm_startup_nrf51.o(.text) refers to system_nrf51.o(i.SystemInit) for SystemInit
    arm_startup_nrf51.o(.text) refers to entry.o(.ARM.Collect$$$$00000000) for __main
    system_nrf51.o(i.SystemCoreClockUpdate) refers to system_nrf51.o(.data) for .data
    system_nrf51.o(i.SystemInit) refers to system_nrf51.o(i.is_manual_peripheral_setup_needed) for is_manual_peripheral_setup_needed
    ble_srv_common.o(i.ble_srv_ascii_to_utf8) refers to strlen.o(.text) for strlen
    ble_advdata.o(i.adv_data_encode) refers to ble_advdata.o(i.name_encode) for name_encode
    ble_advdata.o(i.adv_data_encode) refers to ble_advdata.o(i.uint16_encode) for uint16_encode
    ble_advdata.o(i.adv_data_encode) refers to ble_advdata.o(i.uuid_list_encode) for uuid_list_encode
    ble_advdata.o(i.adv_data_encode) refers to ble_advdata.o(i.conn_int_encode) for conn_int_encode
    ble_advdata.o(i.adv_data_encode) refers to ble_advdata.o(i.manuf_specific_data_encode) for manuf_specific_data_encode
    ble_advdata.o(i.adv_data_encode) refers to ble_advdata.o(i.service_data_encode) for service_data_encode
    ble_advdata.o(i.ble_advdata_set) refers to ble_advdata.o(i.adv_data_encode) for adv_data_encode
    ble_advdata.o(i.conn_int_encode) refers to ble_advdata.o(i.uint16_encode) for uint16_encode
    ble_advdata.o(i.manuf_specific_data_encode) refers to ble_advdata.o(i.uint16_encode) for uint16_encode
    ble_advdata.o(i.manuf_specific_data_encode) refers to memcpya.o(.text) for __aeabi_memcpy
    ble_advdata.o(i.service_data_encode) refers to ble_advdata.o(i.uint16_encode) for uint16_encode
    ble_advdata.o(i.service_data_encode) refers to memcpya.o(.text) for __aeabi_memcpy
    ble_advdata.o(i.uuid_list_encode) refers to ble_advdata.o(i.uuid_list_sized_encode) for uuid_list_sized_encode
    ble_conn_params.o(i.ble_conn_params_change_conn_params) refers to memcpya.o(.text) for __aeabi_memcpy
    ble_conn_params.o(i.ble_conn_params_change_conn_params) refers to ble_conn_params.o(i.is_conn_params_ok) for is_conn_params_ok
    ble_conn_params.o(i.ble_conn_params_change_conn_params) refers to ble_conn_params.o(.data) for .data
    ble_conn_params.o(i.ble_conn_params_change_conn_params) refers to ble_conn_params.o(.bss) for .bss
    ble_conn_params.o(i.ble_conn_params_init) refers to memcpya.o(.text) for __aeabi_memcpy4
    ble_conn_params.o(i.ble_conn_params_init) refers to app_timer.o(i.app_timer_create) for app_timer_create
    ble_conn_params.o(i.ble_conn_params_init) refers to ble_conn_params.o(.bss) for .bss
    ble_conn_params.o(i.ble_conn_params_init) refers to ble_conn_params.o(.data) for .data
    ble_conn_params.o(i.ble_conn_params_init) refers to ble_conn_params.o(i.update_timeout_handler) for update_timeout_handler
    ble_conn_params.o(i.ble_conn_params_on_ble_evt) refers to memcpya.o(.text) for __aeabi_memcpy
    ble_conn_params.o(i.ble_conn_params_on_ble_evt) refers to ble_conn_params.o(i.conn_params_negotiation) for conn_params_negotiation
    ble_conn_params.o(i.ble_conn_params_on_ble_evt) refers to app_timer.o(i.app_timer_stop) for app_timer_stop
    ble_conn_params.o(i.ble_conn_params_on_ble_evt) refers to ble_conn_params.o(.data) for .data
    ble_conn_params.o(i.ble_conn_params_on_ble_evt) refers to ble_conn_params.o(.bss) for .bss
    ble_conn_params.o(i.ble_conn_params_stop) refers to app_timer.o(i.app_timer_stop) for app_timer_stop
    ble_conn_params.o(i.ble_conn_params_stop) refers to ble_conn_params.o(.data) for .data
    ble_conn_params.o(i.conn_params_negotiation) refers to ble_conn_params.o(i.is_conn_params_ok) for is_conn_params_ok
    ble_conn_params.o(i.conn_params_negotiation) refers to app_timer.o(i.app_timer_start) for app_timer_start
    ble_conn_params.o(i.conn_params_negotiation) refers to ble_conn_params.o(.data) for .data
    ble_conn_params.o(i.conn_params_negotiation) refers to ble_conn_params.o(.bss) for .bss
    ble_conn_params.o(i.is_conn_params_ok) refers to ble_conn_params.o(.data) for .data
    ble_conn_params.o(i.update_timeout_handler) refers to ble_conn_params.o(.data) for .data
    ble_conn_params.o(i.update_timeout_handler) refers to ble_conn_params.o(.bss) for .bss
    nrf_delay.o(i.nrf_delay_ms) refers to nrf_delay.o(.emb_text) for __asm___11_nrf_delay_c_532987f3__nrf_delay_us
    app_button.o(i.app_button_disable) refers to app_gpiote.o(i.app_gpiote_user_disable) for app_gpiote_user_disable
    app_button.o(i.app_button_disable) refers to app_timer.o(i.app_timer_stop) for app_timer_stop
    app_button.o(i.app_button_disable) refers to app_button.o(.data) for .data
    app_button.o(i.app_button_enable) refers to app_gpiote.o(i.app_gpiote_user_enable) for app_gpiote_user_enable
    app_button.o(i.app_button_enable) refers to app_button.o(.data) for .data
    app_button.o(i.app_button_init) refers to app_gpiote.o(i.app_gpiote_user_register) for app_gpiote_user_register
    app_button.o(i.app_button_init) refers to app_timer.o(i.app_timer_create) for app_timer_create
    app_button.o(i.app_button_init) refers to app_button.o(.data) for .data
    app_button.o(i.app_button_init) refers to app_button.o(i.gpiote_event_handler) for gpiote_event_handler
    app_button.o(i.app_button_init) refers to app_button.o(i.detection_delay_timeout_handler) for detection_delay_timeout_handler
    app_button.o(i.app_button_is_pushed) refers to app_gpiote.o(i.app_gpiote_pins_state_get) for app_gpiote_pins_state_get
    app_button.o(i.app_button_is_pushed) refers to app_button.o(.data) for .data
    app_button.o(i.detection_delay_timeout_handler) refers to app_gpiote.o(i.app_gpiote_pins_state_get) for app_gpiote_pins_state_get
    app_button.o(i.detection_delay_timeout_handler) refers to app_button.o(i.button_handler_execute) for button_handler_execute
    app_button.o(i.detection_delay_timeout_handler) refers to app_button.o(.data) for .data
    app_button.o(i.gpiote_event_handler) refers to app_timer.o(i.app_timer_stop) for app_timer_stop
    app_button.o(i.gpiote_event_handler) refers to app_timer.o(i.app_timer_start) for app_timer_start
    app_button.o(i.gpiote_event_handler) refers to app_button.o(.data) for .data
    app_gpiote.o(i.GPIOTE_IRQHandler) refers to app_gpiote.o(i.sense_level_toggle) for sense_level_toggle
    app_gpiote.o(i.GPIOTE_IRQHandler) refers to app_gpiote.o(.data) for .data
    app_gpiote.o(i.app_gpiote_init) refers to memseta.o(.text) for __aeabi_memclr4
    app_gpiote.o(i.app_gpiote_init) refers to app_gpiote.o(.data) for .data
    app_gpiote.o(i.app_gpiote_pins_state_get) refers to app_gpiote.o(.data) for .data
    app_gpiote.o(i.app_gpiote_user_disable) refers to app_gpiote.o(i.pins_sense_disable) for pins_sense_disable
    app_gpiote.o(i.app_gpiote_user_disable) refers to app_gpiote.o(.data) for .data
    app_gpiote.o(i.app_gpiote_user_enable) refers to app_gpiote.o(.data) for .data
    app_gpiote.o(i.app_gpiote_user_register) refers to app_gpiote.o(i.pins_sense_disable) for pins_sense_disable
    app_gpiote.o(i.app_gpiote_user_register) refers to app_gpiote.o(.data) for .data
    app_gpiote.o(i.pins_sense_disable) refers to app_gpiote.o(.data) for .data
    app_scheduler.o(i.app_sched_event_get) refers to app_scheduler.o(.data) for .data
    app_scheduler.o(i.app_sched_event_put) refers to app_error.o(i.app_error_handler) for app_error_handler
    app_scheduler.o(i.app_sched_event_put) refers to memcpya.o(.text) for __aeabi_memcpy
    app_scheduler.o(i.app_sched_event_put) refers to app_scheduler.o(.data) for .data
    app_scheduler.o(i.app_sched_execute) refers to app_scheduler.o(i.app_sched_event_get) for app_sched_event_get
    app_scheduler.o(i.app_sched_init) refers to app_scheduler.o(.data) for .data
    app_timer.o(i.RTC1_IRQHandler) refers to app_timer.o(i.timer_timeouts_check) for timer_timeouts_check
    app_timer.o(i.SWI0_IRQHandler) refers to app_timer.o(i.elapsed_ticks_acquire) for elapsed_ticks_acquire
    app_timer.o(i.SWI0_IRQHandler) refers to app_timer.o(i.list_deletions_handler) for list_deletions_handler
    app_timer.o(i.SWI0_IRQHandler) refers to app_timer.o(i.expired_timers_handler) for expired_timers_handler
    app_timer.o(i.SWI0_IRQHandler) refers to app_timer.o(i.list_insertions_handler) for list_insertions_handler
    app_timer.o(i.SWI0_IRQHandler) refers to app_timer.o(i.compare_reg_update) for compare_reg_update
    app_timer.o(i.SWI0_IRQHandler) refers to app_timer.o(.data) for .data
    app_timer.o(i.app_timer_create) refers to app_timer.o(.data) for .data
    app_timer.o(i.app_timer_init) refers to app_timer.o(i.rtc1_stop) for rtc1_stop
    app_timer.o(i.app_timer_init) refers to app_timer.o(i.NVIC_SetPriority) for NVIC_SetPriority
    app_timer.o(i.app_timer_init) refers to app_timer.o(.data) for .data
    app_timer.o(i.app_timer_start) refers to app_timer.o(i.user_id_get) for user_id_get
    app_timer.o(i.app_timer_start) refers to app_timer.o(i.user_op_alloc) for user_op_alloc
    app_timer.o(i.app_timer_start) refers to app_timer.o(i.timer_list_handler_sched) for timer_list_handler_sched
    app_timer.o(i.app_timer_start) refers to app_timer.o(.data) for .data
    app_timer.o(i.app_timer_stop) refers to app_timer.o(i.user_id_get) for user_id_get
    app_timer.o(i.app_timer_stop) refers to app_timer.o(i.user_op_alloc) for user_op_alloc
    app_timer.o(i.app_timer_stop) refers to app_timer.o(i.timer_list_handler_sched) for timer_list_handler_sched
    app_timer.o(i.app_timer_stop) refers to app_timer.o(.data) for .data
    app_timer.o(i.app_timer_stop_all) refers to app_timer.o(i.user_id_get) for user_id_get
    app_timer.o(i.app_timer_stop_all) refers to app_timer.o(i.user_op_alloc) for user_op_alloc
    app_timer.o(i.app_timer_stop_all) refers to app_timer.o(i.timer_list_handler_sched) for timer_list_handler_sched
    app_timer.o(i.app_timer_stop_all) refers to app_timer.o(.data) for .data
    app_timer.o(i.compare_reg_update) refers to app_timer.o(.emb_text) for __asm___11_app_timer_c_cd27f9c3__nrf_delay_us
    app_timer.o(i.compare_reg_update) refers to app_timer.o(i.rtc1_stop) for rtc1_stop
    app_timer.o(i.compare_reg_update) refers to app_timer.o(.data) for .data
    app_timer.o(i.elapsed_ticks_acquire) refers to app_timer.o(.data) for .data
    app_timer.o(i.expired_timers_handler) refers to app_timer.o(.data) for .data
    app_timer.o(i.list_deletions_handler) refers to app_timer.o(i.timer_list_remove) for timer_list_remove
    app_timer.o(i.list_deletions_handler) refers to app_timer.o(.data) for .data
    app_timer.o(i.list_insertions_handler) refers to app_timer.o(i.timer_list_insert) for timer_list_insert
    app_timer.o(i.list_insertions_handler) refers to app_timer.o(.data) for .data
    app_timer.o(i.rtc1_stop) refers to app_timer.o(.emb_text) for __asm___11_app_timer_c_cd27f9c3__nrf_delay_us
    app_timer.o(i.rtc1_stop) refers to app_timer.o(.data) for .data
    app_timer.o(i.timer_list_insert) refers to app_timer.o(.data) for .data
    app_timer.o(i.timer_list_remove) refers to app_timer.o(.data) for .data
    app_timer.o(i.timer_timeouts_check) refers to app_error.o(i.app_error_handler) for app_error_handler
    app_timer.o(i.timer_timeouts_check) refers to app_timer.o(i.timer_list_handler_sched) for timer_list_handler_sched
    app_timer.o(i.timer_timeouts_check) refers to app_timer.o(.data) for .data
    app_timer_appsh.o(i.app_timer_evt_get) refers to app_error.o(i.app_error_handler) for app_error_handler
    app_timer_appsh.o(i.app_timer_evt_schedule) refers to app_scheduler.o(i.app_sched_event_put) for app_sched_event_put
    app_timer_appsh.o(i.app_timer_evt_schedule) refers to app_timer_appsh.o(i.app_timer_evt_get) for app_timer_evt_get
    softdevice_handler.o(i.SWI2_IRQHandler) refers to app_error.o(i.app_error_handler) for app_error_handler
    softdevice_handler.o(i.SWI2_IRQHandler) refers to softdevice_handler.o(i.intern_softdevice_events_execute) for intern_softdevice_events_execute
    softdevice_handler.o(i.SWI2_IRQHandler) refers to softdevice_handler.o(.data) for .data
    softdevice_handler.o(i.intern_softdevice_events_execute) refers to app_error.o(i.app_error_handler) for app_error_handler
    softdevice_handler.o(i.intern_softdevice_events_execute) refers to softdevice_handler.o(.data) for .data
    softdevice_handler.o(i.softdevice_assertion_handler) refers (Weak) to main.o(i.assert_nrf_callback) for assert_nrf_callback
    softdevice_handler.o(i.softdevice_ble_evt_handler_set) refers to softdevice_handler.o(.data) for .data
    softdevice_handler.o(i.softdevice_handler_init) refers to softdevice_handler.o(.data) for .data
    softdevice_handler.o(i.softdevice_handler_init) refers to softdevice_handler.o(i.softdevice_assertion_handler) for softdevice_assertion_handler
    softdevice_handler.o(i.softdevice_handler_sd_disable) refers to softdevice_handler.o(.data) for .data
    softdevice_handler.o(i.softdevice_sys_evt_handler_set) refers to softdevice_handler.o(.data) for .data
    entry.o(.ARM.Collect$$$$00000000) refers (Special) to entry10a.o(.ARM.Collect$$$$0000000D) for __rt_final_cpp
    entry.o(.ARM.Collect$$$$00000000) refers (Special) to entry11a.o(.ARM.Collect$$$$0000000F) for __rt_final_exit
    entry.o(.ARM.Collect$$$$00000000) refers (Special) to entry7b.o(.ARM.Collect$$$$00000008) for _main_clock
    entry.o(.ARM.Collect$$$$00000000) refers (Special) to entry8b.o(.ARM.Collect$$$$0000000A) for _main_cpp_init
    entry.o(.ARM.Collect$$$$00000000) refers (Special) to entry9a.o(.ARM.Collect$$$$0000000B) for _main_init
    entry.o(.ARM.Collect$$$$00000000) refers (Special) to entry5.o(.ARM.Collect$$$$00000004) for _main_scatterload
    entry.o(.ARM.Collect$$$$00000000) refers (Special) to entry2.o(.ARM.Collect$$$$00000001) for _main_stk
    entry2.o(.ARM.Collect$$$$00000001) refers to entry2.o(.ARM.Collect$$$$00002712) for __lit__00000000
    entry2.o(.ARM.Collect$$$$00002712) refers to arm_startup_nrf51.o(STACK) for __initial_sp
    entry2.o(__vectab_stack_and_reset_area) refers to arm_startup_nrf51.o(STACK) for __initial_sp
    entry2.o(__vectab_stack_and_reset_area) refers to entry.o(.ARM.Collect$$$$00000000) for __main
    entry5.o(.ARM.Collect$$$$00000004) refers to init.o(.text) for __scatterload
    entry9a.o(.ARM.Collect$$$$0000000B) refers to main.o(i.main) for main
    entry9b.o(.ARM.Collect$$$$0000000C) refers to main.o(i.main) for main
    init.o(.text) refers to entry5.o(.ARM.Collect$$$$00000004) for __main_after_scatterload


==============================================================================

Removing Unused input sections from the image.

    Removing main.o(.rev16_text), (4 bytes).
    Removing main.o(.revsh_text), (4 bytes).
    Removing main.o(i.assert_nrf_callback), (20 bytes).
    Removing bsp.o(.rev16_text), (4 bytes).
    Removing bsp.o(.revsh_text), (4 bytes).
    Removing bsp.o(i.bsp_button_is_pressed), (6 bytes).
    Removing bsp.o(i.bsp_buttons_state_get), (8 bytes).
    Removing bsp.o(i.bsp_event_to_button_assign), (4 bytes).
    Removing bsp.o(i.bsp_indication_text_set), (8 bytes).
    Removing arm_startup_nrf51.o(HEAP), (2048 bytes).
    Removing system_nrf51.o(.rev16_text), (4 bytes).
    Removing system_nrf51.o(.revsh_text), (4 bytes).
    Removing system_nrf51.o(i.SystemCoreClockUpdate), (16 bytes).
    Removing ble_srv_common.o(i.ble_srv_ascii_to_utf8), (18 bytes).
    Removing ble_srv_common.o(i.ble_srv_report_ref_encode), (12 bytes).
    Removing ble_conn_params.o(i.ble_conn_params_change_conn_params), (80 bytes).
    Removing ble_conn_params.o(i.ble_conn_params_stop), (16 bytes).
    Removing nrf_delay.o(.rev16_text), (4 bytes).
    Removing nrf_delay.o(.revsh_text), (4 bytes).
    Removing nrf_delay.o(.emb_text), (30 bytes).
    Removing nrf_delay.o(i.nrf_delay_ms), (28 bytes).
    Removing app_button.o(.rev16_text), (4 bytes).
    Removing app_button.o(.revsh_text), (4 bytes).
    Removing app_button.o(i.app_button_disable), (36 bytes).
    Removing app_button.o(i.app_button_enable), (28 bytes).
    Removing app_button.o(i.app_button_init), (108 bytes).
    Removing app_button.o(i.app_button_is_pushed), (92 bytes).
    Removing app_button.o(i.button_handler_execute), (28 bytes).
    Removing app_button.o(i.detection_delay_timeout_handler), (104 bytes).
    Removing app_button.o(i.gpiote_event_handler), (44 bytes).
    Removing app_button.o(.data), (24 bytes).
    Removing app_error.o(.rev16_text), (4 bytes).
    Removing app_error.o(.revsh_text), (4 bytes).
    Removing app_gpiote.o(.rev16_text), (4 bytes).
    Removing app_gpiote.o(.revsh_text), (4 bytes).
    Removing app_gpiote.o(i.app_gpiote_pins_state_get), (52 bytes).
    Removing app_gpiote.o(i.app_gpiote_user_disable), (64 bytes).
    Removing app_gpiote.o(i.app_gpiote_user_enable), (148 bytes).
    Removing app_gpiote.o(i.app_gpiote_user_register), (76 bytes).
    Removing app_gpiote.o(i.pins_sense_disable), (60 bytes).
    Removing app_scheduler.o(.rev16_text), (4 bytes).
    Removing app_scheduler.o(.revsh_text), (4 bytes).
    Removing app_timer.o(.rev16_text), (4 bytes).
    Removing app_timer.o(.revsh_text), (4 bytes).
    Removing app_timer.o(i.app_timer_cnt_diff_compute), (12 bytes).
    Removing app_timer.o(i.app_timer_cnt_get), (16 bytes).
    Removing app_timer.o(i.app_timer_stop_all), (68 bytes).
    Removing softdevice_handler.o(.rev16_text), (4 bytes).
    Removing softdevice_handler.o(.revsh_text), (4 bytes).
    Removing softdevice_handler.o(i.softdevice_handler_sd_disable), (24 bytes).

50 unused section(s) (total 3358 bytes) removed from the image.

==============================================================================

Image Symbol Table

    Local Symbols

    Symbol Name                              Value     Ov Type        Size  Object(Section)

    ../clib/microlib/division.c              0x00000000   Number         0  uidiv.o ABSOLUTE
    ../clib/microlib/init/entry.s            0x00000000   Number         0  entry8a.o ABSOLUTE
    ../clib/microlib/init/entry.s            0x00000000   Number         0  entry11b.o ABSOLUTE
    ../clib/microlib/init/entry.s            0x00000000   Number         0  entry8b.o ABSOLUTE
    ../clib/microlib/init/entry.s            0x00000000   Number         0  entry.o ABSOLUTE
    ../clib/microlib/init/entry.s            0x00000000   Number         0  entry11a.o ABSOLUTE
    ../clib/microlib/init/entry.s            0x00000000   Number         0  entry7b.o ABSOLUTE
    ../clib/microlib/init/entry.s            0x00000000   Number         0  entry7a.o ABSOLUTE
    ../clib/microlib/init/entry.s            0x00000000   Number         0  entry10b.o ABSOLUTE
    ../clib/microlib/init/entry.s            0x00000000   Number         0  entry5.o ABSOLUTE
    ../clib/microlib/init/entry.s            0x00000000   Number         0  entry2.o ABSOLUTE
    ../clib/microlib/init/entry.s            0x00000000   Number         0  entry10a.o ABSOLUTE
    ../clib/microlib/init/entry.s            0x00000000   Number         0  entry9b.o ABSOLUTE
    ../clib/microlib/init/entry.s            0x00000000   Number         0  entry9a.o ABSOLUTE
    ../clib/microlib/string/memcmp.c         0x00000000   Number         0  memcmp.o ABSOLUTE
    ../clib/microlib/string/memcpy.c         0x00000000   Number         0  memcpyb.o ABSOLUTE
    ../clib/microlib/string/memcpy.c         0x00000000   Number         0  memcpya.o ABSOLUTE
    ../clib/microlib/string/memset.c         0x00000000   Number         0  memseta.o ABSOLUTE
    ../clib/microlib/string/strlen.c         0x00000000   Number         0  strlen.o ABSOLUTE
    ..\..\..\main.c                          0x00000000   Number         0  main.o ABSOLUTE
    ..\\..\\..\\main.c                       0x00000000   Number         0  main.o ABSOLUTE
    C:\Keil_v5\ARM\PACK\NordicSemiconductor\nRF_BLE\2.0.0\common\ble_srv_common.c 0x00000000   Number         0  ble_srv_common.o ABSOLUTE
    C:\Keil_v5\ARM\PACK\NordicSemiconductor\nRF_Drivers\2.0.0\hal\nrf_delay.c 0x00000000   Number         0  nrf_delay.o ABSOLUTE
    C:\\Keil_v5\\ARM\\PACK\\NordicSemiconductor\\nRF_Drivers\\2.0.0\\hal\\nrf_delay.c 0x00000000   Number         0  nrf_delay.o ABSOLUTE
    RTE\Board_Support\nRF51422_xxAC\bsp.c    0x00000000   Number         0  bsp.o ABSOLUTE
    RTE\Device\nRF51422_xxAC\arm_startup_nrf51.s 0x00000000   Number         0  arm_startup_nrf51.o ABSOLUTE
    RTE\Device\nRF51422_xxAC\system_nrf51.c  0x00000000   Number         0  system_nrf51.o ABSOLUTE
    RTE\\Board_Support\\nRF51422_xxAC\\bsp.c 0x00000000   Number         0  bsp.o ABSOLUTE
    RTE\\Device\\nRF51422_xxAC\\system_nrf51.c 0x00000000   Number         0  system_nrf51.o ABSOLUTE
    RTE\\nRF_Libraries\\nRF51422_xxAC\\app_button.c 0x00000000   Number         0  app_button.o ABSOLUTE
    RTE\\nRF_Libraries\\nRF51422_xxAC\\app_error.c 0x00000000   Number         0  app_error.o ABSOLUTE
    RTE\\nRF_Libraries\\nRF51422_xxAC\\app_gpiote.c 0x00000000   Number         0  app_gpiote.o ABSOLUTE
    RTE\\nRF_Libraries\\nRF51422_xxAC\\app_scheduler.c 0x00000000   Number         0  app_scheduler.o ABSOLUTE
    RTE\\nRF_Libraries\\nRF51422_xxAC\\app_timer.c 0x00000000   Number         0  app_timer.o ABSOLUTE
    RTE\\nRF_SoftDevice\\nRF51422_xxAC\\softdevice_handler.c 0x00000000   Number         0  softdevice_handler.o ABSOLUTE
    RTE\nRF_BLE\nRF51422_xxAC\ble_advdata.c  0x00000000   Number         0  ble_advdata.o ABSOLUTE
    RTE\nRF_BLE\nRF51422_xxAC\ble_conn_params.c 0x00000000   Number         0  ble_conn_params.o ABSOLUTE
    RTE\nRF_Libraries\nRF51422_xxAC\app_button.c 0x00000000   Number         0  app_button.o ABSOLUTE
    RTE\nRF_Libraries\nRF51422_xxAC\app_error.c 0x00000000   Number         0  app_error.o ABSOLUTE
    RTE\nRF_Libraries\nRF51422_xxAC\app_gpiote.c 0x00000000   Number         0  app_gpiote.o ABSOLUTE
    RTE\nRF_Libraries\nRF51422_xxAC\app_scheduler.c 0x00000000   Number         0  app_scheduler.o ABSOLUTE
    RTE\nRF_Libraries\nRF51422_xxAC\app_timer.c 0x00000000   Number         0  app_timer.o ABSOLUTE
    RTE\nRF_Libraries\nRF51422_xxAC\app_timer_appsh.c 0x00000000   Number         0  app_timer_appsh.o ABSOLUTE
    RTE\nRF_Libraries\nRF51422_xxAC\nrf_assert.c 0x00000000   Number         0  nrf_assert.o ABSOLUTE
    RTE\nRF_SoftDevice\nRF51422_xxAC\softdevice_handler.c 0x00000000   Number         0  softdevice_handler.o ABSOLUTE
    dc.s                                     0x00000000   Number         0  dc.o ABSOLUTE
    handlers.s                               0x00000000   Number         0  handlers.o ABSOLUTE
    init.s                                   0x00000000   Number         0  init.o ABSOLUTE
    RESET                                    0x00018000   Section      192  arm_startup_nrf51.o(RESET)
    .ARM.Collect$$$$00000000                 0x000180c0   Section        0  entry.o(.ARM.Collect$$$$00000000)
    .ARM.Collect$$$$00000001                 0x000180c0   Section        4  entry2.o(.ARM.Collect$$$$00000001)
    .ARM.Collect$$$$00000004                 0x000180c4   Section        4  entry5.o(.ARM.Collect$$$$00000004)
    .ARM.Collect$$$$00000008                 0x000180c8   Section        0  entry7b.o(.ARM.Collect$$$$00000008)
    .ARM.Collect$$$$0000000A                 0x000180c8   Section        0  entry8b.o(.ARM.Collect$$$$0000000A)
    .ARM.Collect$$$$0000000B                 0x000180c8   Section        8  entry9a.o(.ARM.Collect$$$$0000000B)
    .ARM.Collect$$$$0000000D                 0x000180d0   Section        0  entry10a.o(.ARM.Collect$$$$0000000D)
    .ARM.Collect$$$$0000000F                 0x000180d0   Section        0  entry11a.o(.ARM.Collect$$$$0000000F)
    .ARM.Collect$$$$00002712                 0x000180d0   Section        4  entry2.o(.ARM.Collect$$$$00002712)
    __lit__00000000                          0x000180d0   Data           4  entry2.o(.ARM.Collect$$$$00002712)
    .emb_text                                0x000180d4   Section       30  app_timer.o(.emb_text)
    .text                                    0x000180f4   Section       56  arm_startup_nrf51.o(.text)
    .text                                    0x0001812c   Section        0  uidiv.o(.text)
    .text                                    0x00018158   Section        0  memcpya.o(.text)
    .text                                    0x0001817c   Section        0  memseta.o(.text)
    .text                                    0x000181a0   Section        0  memcmp.o(.text)
    .text                                    0x000181bc   Section       36  init.o(.text)
    i.GPIOTE_IRQHandler                      0x000181e0   Section        0  app_gpiote.o(i.GPIOTE_IRQHandler)
    i.NVIC_SetPriority                       0x00018298   Section        0  app_timer.o(i.NVIC_SetPriority)
    NVIC_SetPriority                         0x00018299   Thumb Code    60  app_timer.o(i.NVIC_SetPriority)
    i.RTC1_IRQHandler                        0x000182dc   Section        0  app_timer.o(i.RTC1_IRQHandler)
    i.SWI0_IRQHandler                        0x000182fc   Section        0  app_timer.o(i.SWI0_IRQHandler)
    i.SWI2_IRQHandler                        0x00018350   Section        0  softdevice_handler.o(i.SWI2_IRQHandler)
    i.SystemInit                             0x00018374   Section        0  system_nrf51.o(i.SystemInit)
    i.__ARM_common_switch8                   0x000183c8   Section        0  bsp.o(i.__ARM_common_switch8)
    i.__scatterload_copy                     0x000183e2   Section       14  handlers.o(i.__scatterload_copy)
    i.__scatterload_null                     0x000183f0   Section        2  handlers.o(i.__scatterload_null)
    i.__scatterload_zeroinit                 0x000183f2   Section       14  handlers.o(i.__scatterload_zeroinit)
    i.adv_data_encode                        0x00018400   Section        0  ble_advdata.o(i.adv_data_encode)
    adv_data_encode                          0x00018401   Thumb Code   330  ble_advdata.o(i.adv_data_encode)
    i.advertising_start                      0x0001854a   Section        0  main.o(i.advertising_start)
    advertising_start                        0x0001854b   Thumb Code    68  main.o(i.advertising_start)
    i.alert_timer_handler                    0x00018590   Section        0  bsp.o(i.alert_timer_handler)
    alert_timer_handler                      0x00018591   Thumb Code    20  bsp.o(i.alert_timer_handler)
    i.app_error_handler                      0x000185a8   Section        0  app_error.o(i.app_error_handler)
    i.app_gpiote_init                        0x000185c4   Section        0  app_gpiote.o(i.app_gpiote_init)
    i.app_sched_event_get                    0x00018628   Section        0  app_scheduler.o(i.app_sched_event_get)
    app_sched_event_get                      0x00018629   Thumb Code    62  app_scheduler.o(i.app_sched_event_get)
    i.app_sched_event_put                    0x0001866c   Section        0  app_scheduler.o(i.app_sched_event_put)
    i.app_sched_execute                      0x0001876c   Section        0  app_scheduler.o(i.app_sched_execute)
    i.app_sched_init                         0x0001878c   Section        0  app_scheduler.o(i.app_sched_init)
    i.app_timer_create                       0x000187b8   Section        0  app_timer.o(i.app_timer_create)
    i.app_timer_evt_get                      0x00018804   Section        0  app_timer_appsh.o(i.app_timer_evt_get)
    app_timer_evt_get                        0x00018805   Thumb Code    26  app_timer_appsh.o(i.app_timer_evt_get)
    i.app_timer_evt_schedule                 0x00018820   Section        0  app_timer_appsh.o(i.app_timer_evt_schedule)
    i.app_timer_init                         0x00018838   Section        0  app_timer.o(i.app_timer_init)
    i.app_timer_start                        0x000188ec   Section        0  app_timer.o(i.app_timer_start)
    i.app_timer_stop                         0x00018970   Section        0  app_timer.o(i.app_timer_stop)
    i.ble_advdata_set                        0x000189c8   Section        0  ble_advdata.o(i.ble_advdata_set)
    i.ble_conn_params_init                   0x00018a24   Section        0  ble_conn_params.o(i.ble_conn_params_init)
    i.ble_conn_params_on_ble_evt             0x00018a78   Section        0  ble_conn_params.o(i.ble_conn_params_on_ble_evt)
    i.ble_evt_dispatch                       0x00018b08   Section        0  main.o(i.ble_evt_dispatch)
    ble_evt_dispatch                         0x00018b09   Thumb Code    16  main.o(i.ble_evt_dispatch)
    i.ble_stack_init                         0x00018b18   Section        0  main.o(i.ble_stack_init)
    ble_stack_init                           0x00018b19   Thumb Code    90  main.o(i.ble_stack_init)
    i.bsp_buttons_enable                     0x00018b80   Section        0  bsp.o(i.bsp_buttons_enable)
    i.bsp_indication_set                     0x00018b84   Section        0  bsp.o(i.bsp_indication_set)
    i.bsp_init                               0x00018ba0   Section        0  bsp.o(i.bsp_init)
    i.bsp_led_indication                     0x00018be8   Section        0  bsp.o(i.bsp_led_indication)
    bsp_led_indication                       0x00018be9   Thumb Code   436  bsp.o(i.bsp_led_indication)
    i.compare_reg_update                     0x00018da4   Section        0  app_timer.o(i.compare_reg_update)
    compare_reg_update                       0x00018da5   Thumb Code   140  app_timer.o(i.compare_reg_update)
    i.conn_int_encode                        0x00018e48   Section        0  ble_advdata.o(i.conn_int_encode)
    conn_int_encode                          0x00018e49   Thumb Code   126  ble_advdata.o(i.conn_int_encode)
    i.conn_params_error_handler              0x00018ecc   Section        0  main.o(i.conn_params_error_handler)
    conn_params_error_handler                0x00018ecd   Thumb Code    12  main.o(i.conn_params_error_handler)
    i.conn_params_negotiation                0x00018ed8   Section        0  ble_conn_params.o(i.conn_params_negotiation)
    conn_params_negotiation                  0x00018ed9   Thumb Code    90  ble_conn_params.o(i.conn_params_negotiation)
    i.elapsed_ticks_acquire                  0x00018f3c   Section        0  app_timer.o(i.elapsed_ticks_acquire)
    elapsed_ticks_acquire                    0x00018f3d   Thumb Code    58  app_timer.o(i.elapsed_ticks_acquire)
    i.expired_timers_handler                 0x00018f7c   Section        0  app_timer.o(i.expired_timers_handler)
    expired_timers_handler                   0x00018f7d   Thumb Code    82  app_timer.o(i.expired_timers_handler)
    i.intern_softdevice_events_execute       0x00018fd4   Section        0  softdevice_handler.o(i.intern_softdevice_events_execute)
    i.is_conn_params_ok                      0x00019054   Section        0  ble_conn_params.o(i.is_conn_params_ok)
    is_conn_params_ok                        0x00019055   Thumb Code    24  ble_conn_params.o(i.is_conn_params_ok)
    i.is_manual_peripheral_setup_needed      0x00019070   Section        0  system_nrf51.o(i.is_manual_peripheral_setup_needed)
    is_manual_peripheral_setup_needed        0x00019071   Thumb Code    66  system_nrf51.o(i.is_manual_peripheral_setup_needed)
    i.leds_timer_handler                     0x000190b8   Section        0  bsp.o(i.leds_timer_handler)
    leds_timer_handler                       0x000190b9   Thumb Code    18  bsp.o(i.leds_timer_handler)
    i.list_deletions_handler                 0x000190d0   Section        0  app_timer.o(i.list_deletions_handler)
    list_deletions_handler                   0x000190d1   Thumb Code   144  app_timer.o(i.list_deletions_handler)
    i.list_insertions_handler                0x00019164   Section        0  app_timer.o(i.list_insertions_handler)
    list_insertions_handler                  0x00019165   Thumb Code   230  app_timer.o(i.list_insertions_handler)
    i.main                                   0x00019254   Section        0  main.o(i.main)
    i.manuf_specific_data_encode             0x000193dc   Section        0  ble_advdata.o(i.manuf_specific_data_encode)
    manuf_specific_data_encode               0x000193dd   Thumb Code   100  ble_advdata.o(i.manuf_specific_data_encode)
    i.name_encode                            0x00019440   Section        0  ble_advdata.o(i.name_encode)
    name_encode                              0x00019441   Thumb Code   106  ble_advdata.o(i.name_encode)
    i.on_ble_evt                             0x000194ac   Section        0  main.o(i.on_ble_evt)
    on_ble_evt                               0x000194ad   Thumb Code   254  main.o(i.on_ble_evt)
    i.on_conn_params_evt                     0x000195b4   Section        0  main.o(i.on_conn_params_evt)
    on_conn_params_evt                       0x000195b5   Thumb Code    30  main.o(i.on_conn_params_evt)
    i.rtc1_stop                              0x000195d8   Section        0  app_timer.o(i.rtc1_stop)
    rtc1_stop                                0x000195d9   Thumb Code    50  app_timer.o(i.rtc1_stop)
    i.sense_level_toggle                     0x0001961c   Section        0  app_gpiote.o(i.sense_level_toggle)
    sense_level_toggle                       0x0001961d   Thumb Code    64  app_gpiote.o(i.sense_level_toggle)
    i.service_data_encode                    0x00019660   Section        0  ble_advdata.o(i.service_data_encode)
    service_data_encode                      0x00019661   Thumb Code   124  ble_advdata.o(i.service_data_encode)
    i.softdevice_assertion_handler           0x000196dc   Section        0  softdevice_handler.o(i.softdevice_assertion_handler)
    i.softdevice_ble_evt_handler_set         0x000196e8   Section        0  softdevice_handler.o(i.softdevice_ble_evt_handler_set)
    i.softdevice_handler_init                0x000196fc   Section        0  softdevice_handler.o(i.softdevice_handler_init)
    i.softdevice_sys_evt_handler_set         0x0001972c   Section        0  softdevice_handler.o(i.softdevice_sys_evt_handler_set)
    i.sys_evt_dispatch                       0x00019740   Section        0  main.o(i.sys_evt_dispatch)
    sys_evt_dispatch                         0x00019741   Thumb Code     2  main.o(i.sys_evt_dispatch)
    i.timer_list_handler_sched               0x00019744   Section        0  app_timer.o(i.timer_list_handler_sched)
    timer_list_handler_sched                 0x00019745   Thumb Code    10  app_timer.o(i.timer_list_handler_sched)
    i.timer_list_insert                      0x00019754   Section        0  app_timer.o(i.timer_list_insert)
    timer_list_insert                        0x00019755   Thumb Code    94  app_timer.o(i.timer_list_insert)
    i.timer_list_remove                      0x000197b8   Section        0  app_timer.o(i.timer_list_remove)
    timer_list_remove                        0x000197b9   Thumb Code   104  app_timer.o(i.timer_list_remove)
    i.timer_timeouts_check                   0x00019828   Section        0  app_timer.o(i.timer_timeouts_check)
    timer_timeouts_check                     0x00019829   Thumb Code   120  app_timer.o(i.timer_timeouts_check)
    i.uint16_encode                          0x000198a8   Section        0  ble_advdata.o(i.uint16_encode)
    uint16_encode                            0x000198a9   Thumb Code    10  ble_advdata.o(i.uint16_encode)
    i.update_timeout_handler                 0x000198b4   Section        0  ble_conn_params.o(i.update_timeout_handler)
    update_timeout_handler                   0x000198b5   Thumb Code    86  ble_conn_params.o(i.update_timeout_handler)
    i.user_id_get                            0x00019918   Section        0  app_timer.o(i.user_id_get)
    user_id_get                              0x00019919   Thumb Code    74  app_timer.o(i.user_id_get)
    i.user_op_alloc                          0x0001996c   Section        0  app_timer.o(i.user_op_alloc)
    user_op_alloc                            0x0001996d   Thumb Code    36  app_timer.o(i.user_op_alloc)
    i.uuid_list_encode                       0x00019990   Section        0  ble_advdata.o(i.uuid_list_encode)
    uuid_list_encode                         0x00019991   Thumb Code    38  ble_advdata.o(i.uuid_list_encode)
    i.uuid_list_sized_encode                 0x000199b6   Section        0  ble_advdata.o(i.uuid_list_sized_encode)
    uuid_list_sized_encode                   0x000199b7   Thumb Code   162  ble_advdata.o(i.uuid_list_sized_encode)
    .constdata                               0x00019a58   Section        4  main.o(.constdata)
    .data                                    0x20002000   Section       40  main.o(.data)
    m_conn_handle                            0x20002000   Data           2  main.o(.data)
    m_sec_params                             0x20002002   Data           5  main.o(.data)
    m_auth_status                            0x20002007   Data           6  main.o(.data)
    m_keys                                   0x20002010   Data          24  main.o(.data)
    .data                                    0x20002028   Section       20  bsp.o(.data)
    m_stable_state                           0x20002028   Data           1  bsp.o(.data)
    m_app_ticks_per_100ms                    0x2000202c   Data           4  bsp.o(.data)
    m_indication_type                        0x20002030   Data           4  bsp.o(.data)
    m_leds_timer_id                          0x20002034   Data           4  bsp.o(.data)
    m_alert_timer_id                         0x20002038   Data           4  bsp.o(.data)
    .data                                    0x2000203c   Section        4  system_nrf51.o(.data)
    __tagsym$$used                           0x2000203c   Number         0  system_nrf51.o(.data)
    .data                                    0x20002040   Section       24  ble_conn_params.o(.data)
    m_change_param                           0x20002040   Data           1  ble_conn_params.o(.data)
    m_update_count                           0x20002041   Data           1  ble_conn_params.o(.data)
    m_conn_handle                            0x20002042   Data           2  ble_conn_params.o(.data)
    m_conn_params_timer_id                   0x20002044   Data           4  ble_conn_params.o(.data)
    m_preferred_conn_params                  0x20002048   Data           8  ble_conn_params.o(.data)
    m_current_conn_params                    0x20002050   Data           8  ble_conn_params.o(.data)
    .data                                    0x20002058   Section       12  app_gpiote.o(.data)
    m_user_array_size                        0x20002058   Data           1  app_gpiote.o(.data)
    m_user_count                             0x20002059   Data           1  app_gpiote.o(.data)
    mp_users                                 0x2000205c   Data           4  app_gpiote.o(.data)
    m_enabled_users_mask                     0x20002060   Data           4  app_gpiote.o(.data)
    .data                                    0x20002064   Section       16  app_scheduler.o(.data)
    m_queue_start_index                      0x20002064   Data           1  app_scheduler.o(.data)
    m_queue_end_index                        0x20002065   Data           1  app_scheduler.o(.data)
    m_queue_event_size                       0x20002066   Data           2  app_scheduler.o(.data)
    m_queue_size                             0x20002068   Data           2  app_scheduler.o(.data)
    m_queue_event_headers                    0x2000206c   Data           4  app_scheduler.o(.data)
    m_queue_event_data                       0x20002070   Data           4  app_scheduler.o(.data)
    .data                                    0x20002074   Section       36  app_timer.o(.data)
    m_node_array_size                        0x20002074   Data           1  app_timer.o(.data)
    m_user_array_size                        0x20002075   Data           1  app_timer.o(.data)
    m_ticks_elapsed_q_read_ind               0x20002076   Data           1  app_timer.o(.data)
    m_ticks_elapsed_q_write_ind              0x20002077   Data           1  app_timer.o(.data)
    m_rtc1_running                           0x20002078   Data           1  app_timer.o(.data)
    m_rtc1_reset                             0x20002079   Data           1  app_timer.o(.data)
    mp_nodes                                 0x2000207c   Data           4  app_timer.o(.data)
    mp_users                                 0x20002080   Data           4  app_timer.o(.data)
    m_timer_id_head                          0x20002084   Data           4  app_timer.o(.data)
    m_ticks_latest                           0x20002088   Data           4  app_timer.o(.data)
    m_evt_schedule_func                      0x2000208c   Data           4  app_timer.o(.data)
    m_ticks_elapsed                          0x20002090   Data           8  app_timer.o(.data)
    .data                                    0x20002098   Section       20  softdevice_handler.o(.data)
    m_softdevice_enabled                     0x20002098   Data           1  softdevice_handler.o(.data)
    m_ble_evt_buffer_size                    0x2000209a   Data           2  softdevice_handler.o(.data)
    m_evt_schedule_func                      0x2000209c   Data           4  softdevice_handler.o(.data)
    mp_ble_evt_buffer                        0x200020a0   Data           4  softdevice_handler.o(.data)
    m_ble_evt_handler                        0x200020a4   Data           4  softdevice_handler.o(.data)
    m_sys_evt_handler                        0x200020a8   Data           4  softdevice_handler.o(.data)
    .bss                                     0x200020ac   Section      952  main.o(.bss)
    APP_TIMER_BUF                            0x200020ac   Data         616  main.o(.bss)
    m_enc_key                                0x20002314   Data          28  main.o(.bss)
    m_id_key                                 0x20002330   Data          23  main.o(.bss)
    m_sign_key                               0x20002347   Data          16  main.o(.bss)
    BLE_EVT_BUFFER                           0x20002358   Data          72  main.o(.bss)
    APP_SCHED_BUF                            0x200023a0   Data         176  main.o(.bss)
    app_gpiote_buf                           0x20002450   Data          20  main.o(.bss)
    .bss                                     0x20002464   Section       28  ble_conn_params.o(.bss)
    m_conn_params_config                     0x20002464   Data          28  ble_conn_params.o(.bss)
    STACK                                    0x20002480   Section     2048  arm_startup_nrf51.o(STACK)

    Global Symbols

    Symbol Name                              Value     Ov Type        Size  Object(Section)

    BuildAttributes$$THM_ISAv3M$S$PE$A:L22$X:L11$S22$IEEE1$IW$USESV6$~STKCKD$USESV7$~SHL$OSPACE$EBA8$MICROLIB$REQ8$PRES8$EABIv2 0x00000000   Number         0  anon$$obj.o ABSOLUTE
    __ARM_use_no_argv                        0x00000000   Number         0  main.o ABSOLUTE
    __cpp_initialize__aeabi_                  - Undefined Weak Reference
    __cxa_finalize                            - Undefined Weak Reference
    __decompress                              - Undefined Weak Reference
    _clock_init                               - Undefined Weak Reference
    _microlib_exit                            - Undefined Weak Reference
    __Vectors_Size                           0x000000c0   Number         0  arm_startup_nrf51.o ABSOLUTE
    __Vectors                                0x00018000   Data           4  arm_startup_nrf51.o(RESET)
    __Vectors_End                            0x000180c0   Data           0  arm_startup_nrf51.o(RESET)
    __main                                   0x000180c1   Thumb Code     0  entry.o(.ARM.Collect$$$$00000000)
    _main_stk                                0x000180c1   Thumb Code     0  entry2.o(.ARM.Collect$$$$00000001)
    _main_scatterload                        0x000180c5   Thumb Code     0  entry5.o(.ARM.Collect$$$$00000004)
    __main_after_scatterload                 0x000180c9   Thumb Code     0  entry5.o(.ARM.Collect$$$$00000004)
    _main_clock                              0x000180c9   Thumb Code     0  entry7b.o(.ARM.Collect$$$$00000008)
    _main_cpp_init                           0x000180c9   Thumb Code     0  entry8b.o(.ARM.Collect$$$$0000000A)
    _main_init                               0x000180c9   Thumb Code     0  entry9a.o(.ARM.Collect$$$$0000000B)
    __rt_final_cpp                           0x000180d1   Thumb Code     0  entry10a.o(.ARM.Collect$$$$0000000D)
    __rt_final_exit                          0x000180d1   Thumb Code     0  entry11a.o(.ARM.Collect$$$$0000000F)
    __asm___11_app_timer_c_cd27f9c3__nrf_delay_us 0x000180d5   Thumb Code    30  app_timer.o(.emb_text)
    Reset_Handler                            0x000180f5   Thumb Code    26  arm_startup_nrf51.o(.text)
    NMI_Handler                              0x0001810f   Thumb Code     2  arm_startup_nrf51.o(.text)
    HardFault_Handler                        0x00018111   Thumb Code     2  arm_startup_nrf51.o(.text)
    SVC_Handler                              0x00018113   Thumb Code     2  arm_startup_nrf51.o(.text)
    PendSV_Handler                           0x00018115   Thumb Code     2  arm_startup_nrf51.o(.text)
    SysTick_Handler                          0x00018117   Thumb Code     2  arm_startup_nrf51.o(.text)
    ADC_IRQHandler                           0x00018119   Thumb Code     0  arm_startup_nrf51.o(.text)
    CCM_AAR_IRQHandler                       0x00018119   Thumb Code     0  arm_startup_nrf51.o(.text)
    ECB_IRQHandler                           0x00018119   Thumb Code     0  arm_startup_nrf51.o(.text)
    LPCOMP_IRQHandler                        0x00018119   Thumb Code     0  arm_startup_nrf51.o(.text)
    POWER_CLOCK_IRQHandler                   0x00018119   Thumb Code     0  arm_startup_nrf51.o(.text)
    QDEC_IRQHandler                          0x00018119   Thumb Code     0  arm_startup_nrf51.o(.text)
    RADIO_IRQHandler                         0x00018119   Thumb Code     0  arm_startup_nrf51.o(.text)
    RNG_IRQHandler                           0x00018119   Thumb Code     0  arm_startup_nrf51.o(.text)
    RTC0_IRQHandler                          0x00018119   Thumb Code     0  arm_startup_nrf51.o(.text)
    SPI0_TWI0_IRQHandler                     0x00018119   Thumb Code     0  arm_startup_nrf51.o(.text)
    SPI1_TWI1_IRQHandler                     0x00018119   Thumb Code     0  arm_startup_nrf51.o(.text)
    SWI1_IRQHandler                          0x00018119   Thumb Code     0  arm_startup_nrf51.o(.text)
    SWI3_IRQHandler                          0x00018119   Thumb Code     0  arm_startup_nrf51.o(.text)
    SWI4_IRQHandler                          0x00018119   Thumb Code     0  arm_startup_nrf51.o(.text)
    SWI5_IRQHandler                          0x00018119   Thumb Code     0  arm_startup_nrf51.o(.text)
    TEMP_IRQHandler                          0x00018119   Thumb Code     0  arm_startup_nrf51.o(.text)
    TIMER0_IRQHandler                        0x00018119   Thumb Code     0  arm_startup_nrf51.o(.text)
    TIMER1_IRQHandler                        0x00018119   Thumb Code     0  arm_startup_nrf51.o(.text)
    TIMER2_IRQHandler                        0x00018119   Thumb Code     0  arm_startup_nrf51.o(.text)
    UART0_IRQHandler                         0x00018119   Thumb Code     0  arm_startup_nrf51.o(.text)
    WDT_IRQHandler                           0x00018119   Thumb Code     0  arm_startup_nrf51.o(.text)
    __aeabi_uidiv                            0x0001812d   Thumb Code     0  uidiv.o(.text)
    __aeabi_uidivmod                         0x0001812d   Thumb Code    44  uidiv.o(.text)
    __aeabi_memcpy                           0x00018159   Thumb Code    36  memcpya.o(.text)
    __aeabi_memcpy4                          0x00018159   Thumb Code     0  memcpya.o(.text)
    __aeabi_memcpy8                          0x00018159   Thumb Code     0  memcpya.o(.text)
    __aeabi_memset                           0x0001817d   Thumb Code    14  memseta.o(.text)
    __aeabi_memset4                          0x0001817d   Thumb Code     0  memseta.o(.text)
    __aeabi_memset8                          0x0001817d   Thumb Code     0  memseta.o(.text)
    __aeabi_memclr                           0x0001818b   Thumb Code     4  memseta.o(.text)
    __aeabi_memclr4                          0x0001818b   Thumb Code     0  memseta.o(.text)
    __aeabi_memclr8                          0x0001818b   Thumb Code     0  memseta.o(.text)
    _memset$wrapper                          0x0001818f   Thumb Code    18  memseta.o(.text)
    memcmp                                   0x000181a1   Thumb Code    26  memcmp.o(.text)
    __scatterload                            0x000181bd   Thumb Code    28  init.o(.text)
    __scatterload_rt2                        0x000181bd   Thumb Code     0  init.o(.text)
    GPIOTE_IRQHandler                        0x000181e1   Thumb Code   170  app_gpiote.o(i.GPIOTE_IRQHandler)
    RTC1_IRQHandler                          0x000182dd   Thumb Code    28  app_timer.o(i.RTC1_IRQHandler)
    SWI0_IRQHandler                          0x000182fd   Thumb Code    78  app_timer.o(i.SWI0_IRQHandler)
    SWI2_IRQHandler                          0x00018351   Thumb Code    32  softdevice_handler.o(i.SWI2_IRQHandler)
    SystemInit                               0x00018375   Thumb Code    64  system_nrf51.o(i.SystemInit)
    __ARM_common_switch8                     0x000183c9   Thumb Code    26  bsp.o(i.__ARM_common_switch8)
    __scatterload_copy                       0x000183e3   Thumb Code    14  handlers.o(i.__scatterload_copy)
    __scatterload_null                       0x000183f1   Thumb Code     2  handlers.o(i.__scatterload_null)
    __scatterload_zeroinit                   0x000183f3   Thumb Code    14  handlers.o(i.__scatterload_zeroinit)
    app_error_handler                        0x000185a9   Thumb Code    18  app_error.o(i.app_error_handler)
    app_gpiote_init                          0x000185c5   Thumb Code    78  app_gpiote.o(i.app_gpiote_init)
    app_sched_event_put                      0x0001866d   Thumb Code   240  app_scheduler.o(i.app_sched_event_put)
    app_sched_execute                        0x0001876d   Thumb Code    30  app_scheduler.o(i.app_sched_execute)
    app_sched_init                           0x0001878d   Thumb Code    40  app_scheduler.o(i.app_sched_init)
    app_timer_create                         0x000187b9   Thumb Code    72  app_timer.o(i.app_timer_create)
    app_timer_evt_schedule                   0x00018821   Thumb Code    18  app_timer_appsh.o(i.app_timer_evt_schedule)
    app_timer_init                           0x00018839   Thumb Code   164  app_timer.o(i.app_timer_init)
    app_timer_start                          0x000188ed   Thumb Code   122  app_timer.o(i.app_timer_start)
    app_timer_stop                           0x00018971   Thumb Code    82  app_timer.o(i.app_timer_stop)
    ble_advdata_set                          0x000189c9   Thumb Code    90  ble_advdata.o(i.ble_advdata_set)
    ble_conn_params_init                     0x00018a25   Thumb Code    72  ble_conn_params.o(i.ble_conn_params_init)
    ble_conn_params_on_ble_evt               0x00018a79   Thumb Code   134  ble_conn_params.o(i.ble_conn_params_on_ble_evt)
    bsp_buttons_enable                       0x00018b81   Thumb Code     4  bsp.o(i.bsp_buttons_enable)
    bsp_indication_set                       0x00018b85   Thumb Code    22  bsp.o(i.bsp_indication_set)
    bsp_init                                 0x00018ba1   Thumb Code    56  bsp.o(i.bsp_init)
    intern_softdevice_events_execute         0x00018fd5   Thumb Code   124  softdevice_handler.o(i.intern_softdevice_events_execute)
    main                                     0x00019255   Thumb Code   344  main.o(i.main)
    softdevice_assertion_handler             0x000196dd   Thumb Code    12  softdevice_handler.o(i.softdevice_assertion_handler)
    softdevice_ble_evt_handler_set           0x000196e9   Thumb Code    16  softdevice_handler.o(i.softdevice_ble_evt_handler_set)
    softdevice_handler_init                  0x000196fd   Thumb Code    40  softdevice_handler.o(i.softdevice_handler_init)
    softdevice_sys_evt_handler_set           0x0001972d   Thumb Code    16  softdevice_handler.o(i.softdevice_sys_evt_handler_set)
    Region$$Table$$Base                      0x00019a5c   Number         0  anon$$obj.o(Region$$Table)
    Region$$Table$$Limit                     0x00019a7c   Number         0  anon$$obj.o(Region$$Table)
    SystemCoreClock                          0x2000203c   Data           4  system_nrf51.o(.data)
    __initial_sp                             0x20002c80   Data           0  arm_startup_nrf51.o(STACK)



==============================================================================

Memory Map of the image

  Image Entry point : 0x000180c1

  Load Region LR_IROM1 (Base: 0x00018000, Size: 0x00001b28, Max: 0x00028000, ABSOLUTE)

    Execution Region ER_IROM1 (Base: 0x00018000, Size: 0x00001a7c, Max: 0x00028000, ABSOLUTE)

    Base Addr    Size         Type   Attr      Idx    E Section Name        Object

    0x00018000   0x000000c0   Data   RO          299    RESET               arm_startup_nrf51.o
    0x000180c0   0x00000000   Code   RO          962  * .ARM.Collect$$$$00000000  mc_p.l(entry.o)
    0x000180c0   0x00000004   Code   RO          977    .ARM.Collect$$$$00000001  mc_p.l(entry2.o)
    0x000180c4   0x00000004   Code   RO          980    .ARM.Collect$$$$00000004  mc_p.l(entry5.o)
    0x000180c8   0x00000000   Code   RO          982    .ARM.Collect$$$$00000008  mc_p.l(entry7b.o)
    0x000180c8   0x00000000   Code   RO          984    .ARM.Collect$$$$0000000A  mc_p.l(entry8b.o)
    0x000180c8   0x00000008   Code   RO          985    .ARM.Collect$$$$0000000B  mc_p.l(entry9a.o)
    0x000180d0   0x00000000   Code   RO          987    .ARM.Collect$$$$0000000D  mc_p.l(entry10a.o)
    0x000180d0   0x00000000   Code   RO          989    .ARM.Collect$$$$0000000F  mc_p.l(entry11a.o)
    0x000180d0   0x00000004   Code   RO          978    .ARM.Collect$$$$00002712  mc_p.l(entry2.o)
    0x000180d4   0x0000001e   Code   RO          732    .emb_text           app_timer.o
    0x000180f2   0x00000002   PAD
    0x000180f4   0x00000038   Code   RO          300    .text               arm_startup_nrf51.o
    0x0001812c   0x0000002c   Code   RO          965    .text               mc_p.l(uidiv.o)
    0x00018158   0x00000024   Code   RO          967    .text               mc_p.l(memcpya.o)
    0x0001817c   0x00000024   Code   RO          969    .text               mc_p.l(memseta.o)
    0x000181a0   0x0000001a   Code   RO          973    .text               mc_p.l(memcmp.o)
    0x000181ba   0x00000002   PAD
    0x000181bc   0x00000024   Code   RO          991    .text               mc_p.l(init.o)
    0x000181e0   0x000000b8   Code   RO          607    i.GPIOTE_IRQHandler  app_gpiote.o
    0x00018298   0x00000044   Code   RO          733    i.NVIC_SetPriority  app_timer.o
    0x000182dc   0x00000020   Code   RO          734    i.RTC1_IRQHandler   app_timer.o
    0x000182fc   0x00000054   Code   RO          735    i.SWI0_IRQHandler   app_timer.o
    0x00018350   0x00000024   Code   RO          903    i.SWI2_IRQHandler   softdevice_handler.o
    0x00018374   0x00000054   Code   RO          307    i.SystemInit        system_nrf51.o
    0x000183c8   0x0000001a   Code   RO          281    i.__ARM_common_switch8  bsp.o
    0x000183e2   0x0000000e   Code   RO          995    i.__scatterload_copy  mc_p.l(handlers.o)
    0x000183f0   0x00000002   Code   RO          996    i.__scatterload_null  mc_p.l(handlers.o)
    0x000183f2   0x0000000e   Code   RO          997    i.__scatterload_zeroinit  mc_p.l(handlers.o)
    0x00018400   0x0000014a   Code   RO          362    i.adv_data_encode   ble_advdata.o
    0x0001854a   0x00000044   Code   RO            3    i.advertising_start  main.o
    0x0001858e   0x00000002   PAD
    0x00018590   0x00000018   Code   RO          214    i.alert_timer_handler  bsp.o
    0x000185a8   0x0000001c   Code   RO          584    i.app_error_handler  app_error.o
    0x000185c4   0x00000064   Code   RO          608    i.app_gpiote_init   app_gpiote.o
    0x00018628   0x00000044   Code   RO          681    i.app_sched_event_get  app_scheduler.o
    0x0001866c   0x00000100   Code   RO          682    i.app_sched_event_put  app_scheduler.o
    0x0001876c   0x0000001e   Code   RO          683    i.app_sched_execute  app_scheduler.o
    0x0001878a   0x00000002   PAD
    0x0001878c   0x0000002c   Code   RO          684    i.app_sched_init    app_scheduler.o
    0x000187b8   0x0000004c   Code   RO          738    i.app_timer_create  app_timer.o
    0x00018804   0x0000001a   Code   RO          875    i.app_timer_evt_get  app_timer_appsh.o
    0x0001881e   0x00000002   PAD
    0x00018820   0x00000018   Code   RO          876    i.app_timer_evt_schedule  app_timer_appsh.o
    0x00018838   0x000000b4   Code   RO          739    i.app_timer_init    app_timer.o
    0x000188ec   0x00000084   Code   RO          740    i.app_timer_start   app_timer.o
    0x00018970   0x00000058   Code   RO          741    i.app_timer_stop    app_timer.o
    0x000189c8   0x0000005a   Code   RO          363    i.ble_advdata_set   ble_advdata.o
    0x00018a22   0x00000002   PAD
    0x00018a24   0x00000054   Code   RO          421    i.ble_conn_params_init  ble_conn_params.o
    0x00018a78   0x00000090   Code   RO          422    i.ble_conn_params_on_ble_evt  ble_conn_params.o
    0x00018b08   0x00000010   Code   RO            5    i.ble_evt_dispatch  main.o
    0x00018b18   0x00000068   Code   RO            6    i.ble_stack_init    main.o
    0x00018b80   0x00000004   Code   RO          216    i.bsp_buttons_enable  bsp.o
    0x00018b84   0x0000001c   Code   RO          219    i.bsp_indication_set  bsp.o
    0x00018ba0   0x00000048   Code   RO          221    i.bsp_init          bsp.o
    0x00018be8   0x000001bc   Code   RO          222    i.bsp_led_indication  bsp.o
    0x00018da4   0x000000a4   Code   RO          743    i.compare_reg_update  app_timer.o
    0x00018e48   0x00000084   Code   RO          364    i.conn_int_encode   ble_advdata.o
    0x00018ecc   0x0000000c   Code   RO            7    i.conn_params_error_handler  main.o
    0x00018ed8   0x00000064   Code   RO          424    i.conn_params_negotiation  ble_conn_params.o
    0x00018f3c   0x00000040   Code   RO          744    i.elapsed_ticks_acquire  app_timer.o
    0x00018f7c   0x00000058   Code   RO          745    i.expired_timers_handler  app_timer.o
    0x00018fd4   0x00000080   Code   RO          904    i.intern_softdevice_events_execute  softdevice_handler.o
    0x00019054   0x0000001c   Code   RO          425    i.is_conn_params_ok  ble_conn_params.o
    0x00019070   0x00000048   Code   RO          308    i.is_manual_peripheral_setup_needed  system_nrf51.o
    0x000190b8   0x00000018   Code   RO          223    i.leds_timer_handler  bsp.o
    0x000190d0   0x00000094   Code   RO          746    i.list_deletions_handler  app_timer.o
    0x00019164   0x000000f0   Code   RO          747    i.list_insertions_handler  app_timer.o
    0x00019254   0x00000188   Code   RO            8    i.main              main.o
    0x000193dc   0x00000064   Code   RO          365    i.manuf_specific_data_encode  ble_advdata.o
    0x00019440   0x0000006a   Code   RO          366    i.name_encode       ble_advdata.o
    0x000194aa   0x00000002   PAD
    0x000194ac   0x00000108   Code   RO            9    i.on_ble_evt        main.o
    0x000195b4   0x00000024   Code   RO           10    i.on_conn_params_evt  main.o
    0x000195d8   0x00000044   Code   RO          748    i.rtc1_stop         app_timer.o
    0x0001961c   0x00000044   Code   RO          614    i.sense_level_toggle  app_gpiote.o
    0x00019660   0x0000007c   Code   RO          367    i.service_data_encode  ble_advdata.o
    0x000196dc   0x0000000c   Code   RO          905    i.softdevice_assertion_handler  softdevice_handler.o
    0x000196e8   0x00000014   Code   RO          906    i.softdevice_ble_evt_handler_set  softdevice_handler.o
    0x000196fc   0x00000030   Code   RO          907    i.softdevice_handler_init  softdevice_handler.o
    0x0001972c   0x00000014   Code   RO          909    i.softdevice_sys_evt_handler_set  softdevice_handler.o
    0x00019740   0x00000002   Code   RO           11    i.sys_evt_dispatch  main.o
    0x00019742   0x00000002   PAD
    0x00019744   0x00000010   Code   RO          749    i.timer_list_handler_sched  app_timer.o
    0x00019754   0x00000064   Code   RO          750    i.timer_list_insert  app_timer.o
    0x000197b8   0x00000070   Code   RO          751    i.timer_list_remove  app_timer.o
    0x00019828   0x00000080   Code   RO          752    i.timer_timeouts_check  app_timer.o
    0x000198a8   0x0000000a   Code   RO          368    i.uint16_encode     ble_advdata.o
    0x000198b2   0x00000002   PAD
    0x000198b4   0x00000064   Code   RO          426    i.update_timeout_handler  ble_conn_params.o
    0x00019918   0x00000054   Code   RO          753    i.user_id_get       app_timer.o
    0x0001996c   0x00000024   Code   RO          754    i.user_op_alloc     app_timer.o
    0x00019990   0x00000026   Code   RO          369    i.uuid_list_encode  ble_advdata.o
    0x000199b6   0x000000a2   Code   RO          370    i.uuid_list_sized_encode  ble_advdata.o
    0x00019a58   0x00000004   Data   RO           13    .constdata          main.o
    0x00019a5c   0x00000020   Data   RO          993    Region$$Table       anon$$obj.o


    Execution Region RW_IRAM1 (Base: 0x20002000, Size: 0x00000c80, Max: 0x00006000, ABSOLUTE)

    Base Addr    Size         Type   Attr      Idx    E Section Name        Object

    0x20002000   0x00000028   Data   RW           14    .data               main.o
    0x20002028   0x00000014   Data   RW          224    .data               bsp.o
    0x2000203c   0x00000004   Data   RW          309    .data               system_nrf51.o
    0x20002040   0x00000018   Data   RW          428    .data               ble_conn_params.o
    0x20002058   0x0000000c   Data   RW          615    .data               app_gpiote.o
    0x20002064   0x00000010   Data   RW          685    .data               app_scheduler.o
    0x20002074   0x00000024   Data   RW          755    .data               app_timer.o
    0x20002098   0x00000014   Data   RW          910    .data               softdevice_handler.o
    0x200020ac   0x000003b8   Zero   RW           12    .bss                main.o
    0x20002464   0x0000001c   Zero   RW          427    .bss                ble_conn_params.o
    0x20002480   0x00000800   Zero   RW          297    STACK               arm_startup_nrf51.o


==============================================================================

Image component sizes


      Code (inc. data)   RO Data    RW Data    ZI Data      Debug   Object Name

         0          0          0          0          0       2732   app_button.o
        28         10          0          0          0       7364   app_error.o
       352         40          0         12          0      11334   app_gpiote.o
       398         26          0         16          0      13703   app_scheduler.o
      1938        160          0         36          0      24851   app_timer.o
        50          6          0          0          0       2305   app_timer_appsh.o
        56         18        192          0       2048        664   arm_startup_nrf51.o
      1092          6          0          0          0      11098   ble_advdata.o
       456         50          0         24         28      11164   ble_conn_params.o
       622         66          0         20          0       5689   bsp.o
       894         78          4         40        952      77703   main.o
       264         24          0         20          0       5508   softdevice_handler.o
       156         26          0          4          0       1983   system_nrf51.o

    ----------------------------------------------------------------------
      6322        510        228        172       3028     176098   Object Totals
         0          0         32          0          0          0   (incl. Generated)
        16          0          0          0          0          0   (incl. Padding)

    ----------------------------------------------------------------------

      Code (inc. data)   RO Data    RW Data    ZI Data      Debug   Library Member Name

         0          0          0          0          0          0   entry.o
         0          0          0          0          0          0   entry10a.o
         0          0          0          0          0          0   entry11a.o
         8          4          0          0          0          0   entry2.o
         4          0          0          0          0          0   entry5.o
         0          0          0          0          0          0   entry7b.o
         0          0          0          0          0          0   entry8b.o
         8          4          0          0          0          0   entry9a.o
        30          0          0          0          0          0   handlers.o
        36          8          0          0          0         68   init.o
        26          0          0          0          0         72   memcmp.o
        36          0          0          0          0         60   memcpya.o
        36          0          0          0          0        100   memseta.o
        44          0          0          0          0         72   uidiv.o

    ----------------------------------------------------------------------
       230         16          0          0          0        372   Library Totals
         2          0          0          0          0          0   (incl. Padding)

    ----------------------------------------------------------------------

      Code (inc. data)   RO Data    RW Data    ZI Data      Debug   Library Name

       228         16          0          0          0        372   mc_p.l

    ----------------------------------------------------------------------
       230         16          0          0          0        372   Library Totals

    ----------------------------------------------------------------------

==============================================================================


      Code (inc. data)   RO Data    RW Data    ZI Data      Debug   

      6552        526        228        172       3028     173666   Grand Totals
      6552        526        228        172       3028     173666   ELF Image Totals
      6552        526        228        172          0          0   ROM Totals

==============================================================================

    Total RO  Size (Code + RO Data)                 6780 (   6.62kB)
    Total RW  Size (RW Data + ZI Data)              3200 (   3.13kB)
    Total ROM Size (Code + RO Data + RW Data)       6952 (   6.79kB)

==============================================================================

